lb_category:
  - cat_id: 2
    mid: 1
    name: "cat name2"
    priority: 2
  - cat_id: 3
    mid: 2
    name: "cat name3"
    priority: 1